WARNING: A terminally deprecated method in sun.misc.Unsafe has been called
WARNING: sun.misc.Unsafe::staticFieldBase has been called by com.google.inject.internal.aop.HiddenClassDefiner (file:/opt/homebrew/Cellar/maven/3.9.11/libexec/lib/guice-5.1.0-classes.jar)
WARNING: Please consider reporting this to the maintainers of class com.google.inject.internal.aop.HiddenClassDefiner
WARNING: sun.misc.Unsafe::staticFieldBase will be removed in a future release
[INFO] Scanning for projects...
[INFO] ------------------------------------------------------------------------
[INFO] Reactor Build Order:
[INFO] 
[INFO] abc-jvm-parent                                                     [pom]
[INFO] abc-core                                                           [jar]
[INFO] abc-theory                                                         [jar]
[INFO] abc-parser                                                         [jar]
[INFO] abc-parser-antlr                                                   [jar]
[INFO] abc-parser-v2                                                      [jar]
[INFO] abc-test                                                           [jar]
[INFO] 
[INFO] ----------------< io.github.ryangardner:abc-jvm-parent >----------------
[INFO] Building abc-jvm-parent 0.1.0-SNAPSHOT                             [1/7]
[INFO]   from pom.xml
[INFO] --------------------------------[ pom ]---------------------------------
[INFO] 
[INFO] --- kotlin:1.9.22:compile (compile) @ abc-jvm-parent ---
[INFO] No sources to compile
[INFO] 
[INFO] --- kotlin:1.9.22:test-compile (test-compile) @ abc-jvm-parent ---
[INFO] No sources to compile
[INFO] 
[INFO] -------------------< io.github.ryangardner:abc-core >-------------------
[INFO] Building abc-core 0.1.0-SNAPSHOT                                   [2/7]
[INFO]   from abc-core/pom.xml
[INFO] --------------------------------[ jar ]---------------------------------
[INFO] 
[INFO] --- resources:3.3.1:resources (default-resources) @ abc-core ---
[INFO] skip non existing resourceDirectory /Users/ryan.gardner/gitother/abc-jvm/abc-core/src/main/resources
[INFO] 
[INFO] --- compiler:3.13.0:compile (default-compile) @ abc-core ---
[INFO] No sources to compile
[INFO] 
[INFO] --- kotlin:1.9.22:compile (compile) @ abc-core ---
[WARNING] Source root doesn't exist: /Users/ryan.gardner/gitother/abc-jvm/abc-core/src/main/java
[INFO] 
[INFO] --- resources:3.3.1:testResources (default-testResources) @ abc-core ---
[INFO] skip non existing resourceDirectory /Users/ryan.gardner/gitother/abc-jvm/abc-core/src/test/resources
[INFO] 
[INFO] --- compiler:3.13.0:testCompile (default-testCompile) @ abc-core ---
[INFO] No sources to compile
[INFO] 
[INFO] --- kotlin:1.9.22:test-compile (test-compile) @ abc-core ---
[INFO] No sources to compile
[INFO] 
[INFO] --- surefire:3.2.5:test (default-test) @ abc-core ---
[INFO] No tests to run.
[INFO] 
[INFO] ------------------< io.github.ryangardner:abc-theory >------------------
[INFO] Building abc-theory 0.1.0-SNAPSHOT                                 [3/7]
[INFO]   from abc-theory/pom.xml
[INFO] --------------------------------[ jar ]---------------------------------
[INFO] 
[INFO] --- resources:3.3.1:resources (default-resources) @ abc-theory ---
[INFO] skip non existing resourceDirectory /Users/ryan.gardner/gitother/abc-jvm/abc-theory/src/main/resources
[INFO] 
[INFO] --- compiler:3.13.0:compile (default-compile) @ abc-theory ---
[INFO] No sources to compile
[INFO] 
[INFO] --- kotlin:1.9.22:compile (compile) @ abc-theory ---
[WARNING] Source root doesn't exist: /Users/ryan.gardner/gitother/abc-jvm/abc-theory/src/main/java
[WARNING] /Users/ryan.gardner/gitother/abc-jvm/abc-theory/src/main/kotlin/io/github/ryangardner/abc/theory/MeasureValidator.kt: (18, 13) Variable 'currentDefaultLength' is assigned but never accessed
[INFO] 
[INFO] --- resources:3.3.1:testResources (default-testResources) @ abc-theory ---
[INFO] skip non existing resourceDirectory /Users/ryan.gardner/gitother/abc-jvm/abc-theory/src/test/resources
[INFO] 
[INFO] --- compiler:3.13.0:testCompile (default-testCompile) @ abc-theory ---
[INFO] No sources to compile
[INFO] 
[INFO] --- kotlin:1.9.22:test-compile (test-compile) @ abc-theory ---
[WARNING] Source root doesn't exist: /Users/ryan.gardner/gitother/abc-jvm/abc-theory/src/test/java
[INFO] 
[INFO] --- surefire:3.2.5:test (default-test) @ abc-theory ---
[INFO] 
[INFO] ------------------< io.github.ryangardner:abc-parser >------------------
[INFO] Building abc-parser 0.1.0-SNAPSHOT                                 [4/7]
[INFO]   from abc-parser/pom.xml
[INFO] --------------------------------[ jar ]---------------------------------
[INFO] 
[INFO] --- resources:3.3.1:resources (default-resources) @ abc-parser ---
[INFO] skip non existing resourceDirectory /Users/ryan.gardner/gitother/abc-jvm/abc-parser/src/main/resources
[INFO] 
[INFO] --- compiler:3.13.0:compile (default-compile) @ abc-parser ---
[INFO] No sources to compile
[INFO] 
[INFO] --- kotlin:1.9.22:compile (compile) @ abc-parser ---
[WARNING] Source root doesn't exist: /Users/ryan.gardner/gitother/abc-jvm/abc-parser/src/main/java
[WARNING] /Users/ryan.gardner/gitother/abc-jvm/abc-parser/src/main/kotlin/io/github/ryangardner/abc/parser/BodyParser.kt: (35, 98) Unnecessary non-null assertion (!!) on a non-null receiver of type Double
[WARNING] /Users/ryan.gardner/gitother/abc-jvm/abc-parser/src/main/kotlin/io/github/ryangardner/abc/parser/BodyParser.kt: (45, 102) Unnecessary non-null assertion (!!) on a non-null receiver of type Double
[WARNING] /Users/ryan.gardner/gitother/abc-jvm/abc-parser/src/main/kotlin/io/github/ryangardner/abc/parser/BodyParser.kt: (55, 105) Unnecessary non-null assertion (!!) on a non-null receiver of type Double
[WARNING] /Users/ryan.gardner/gitother/abc-jvm/abc-parser/src/main/kotlin/io/github/ryangardner/abc/parser/HeaderParser.kt: (16, 34) Variable 'key' initializer is redundant
[INFO] 
[INFO] --- resources:3.3.1:testResources (default-testResources) @ abc-parser ---
[INFO] skip non existing resourceDirectory /Users/ryan.gardner/gitother/abc-jvm/abc-parser/src/test/resources
[INFO] 
[INFO] --- compiler:3.13.0:testCompile (default-testCompile) @ abc-parser ---
[INFO] No sources to compile
[INFO] 
[INFO] --- kotlin:1.9.22:test-compile (test-compile) @ abc-parser ---
[WARNING] Source root doesn't exist: /Users/ryan.gardner/gitother/abc-jvm/abc-parser/src/test/java
[INFO] 
[INFO] --- surefire:3.2.5:test (default-test) @ abc-parser ---
[INFO] 
[INFO] ---------------< io.github.ryangardner:abc-parser-antlr >---------------
[INFO] Building abc-parser-antlr 0.1.0-SNAPSHOT                           [5/7]
[INFO]   from abc-parser-antlr/pom.xml
[INFO] --------------------------------[ jar ]---------------------------------
[INFO] 
[INFO] --- antlr4:4.13.1:antlr4 (antlr) @ abc-parser-antlr ---
[INFO] No grammars to process
[INFO] ANTLR 4: Processing source directory /Users/ryan.gardner/gitother/abc-jvm/abc-parser-antlr/src/main/antlr4
[INFO] 
[INFO] --- build-helper:3.5.0:add-source (add-source) @ abc-parser-antlr ---
[INFO] Source directory: /Users/ryan.gardner/gitother/abc-jvm/abc-parser-antlr/target/generated-sources/antlr4 added.
[INFO] 
[INFO] --- resources:3.3.1:resources (default-resources) @ abc-parser-antlr ---
[INFO] skip non existing resourceDirectory /Users/ryan.gardner/gitother/abc-jvm/abc-parser-antlr/src/main/resources
[INFO] 
[INFO] --- compiler:3.13.0:compile (default-compile) @ abc-parser-antlr ---
[INFO] Nothing to compile - all classes are up to date.
[INFO] 
[INFO] --- kotlin:1.9.22:compile (compile) @ abc-parser-antlr ---
[WARNING] Source root doesn't exist: /Users/ryan.gardner/gitother/abc-jvm/abc-parser-antlr/src/main/java
[INFO] 
[INFO] --- resources:3.3.1:testResources (default-testResources) @ abc-parser-antlr ---
[INFO] skip non existing resourceDirectory /Users/ryan.gardner/gitother/abc-jvm/abc-parser-antlr/src/test/resources
[INFO] 
[INFO] --- compiler:3.13.0:testCompile (default-testCompile) @ abc-parser-antlr ---
[INFO] No sources to compile
[INFO] 
[INFO] --- kotlin:1.9.22:test-compile (test-compile) @ abc-parser-antlr ---
[WARNING] Source root doesn't exist: /Users/ryan.gardner/gitother/abc-jvm/abc-parser-antlr/src/test/java
[INFO] 
[INFO] --- surefire:3.2.5:test (default-test) @ abc-parser-antlr ---
[INFO] 
[INFO] ----------------< io.github.ryangardner:abc-parser-v2 >-----------------
[INFO] Building abc-parser-v2 0.1.0-SNAPSHOT                              [6/7]
[INFO]   from abc-parser-v2/pom.xml
[INFO] --------------------------------[ jar ]---------------------------------
[INFO] 
[INFO] --- resources:3.3.1:resources (default-resources) @ abc-parser-v2 ---
[INFO] skip non existing resourceDirectory /Users/ryan.gardner/gitother/abc-jvm/abc-parser-v2/src/main/resources
[INFO] 
[INFO] --- compiler:3.13.0:compile (default-compile) @ abc-parser-v2 ---
[INFO] No sources to compile
[INFO] 
[INFO] --- kotlin:1.9.22:compile (compile) @ abc-parser-v2 ---
[WARNING] Source root doesn't exist: /Users/ryan.gardner/gitother/abc-jvm/abc-parser-v2/src/main/java
[WARNING] /Users/ryan.gardner/gitother/abc-jvm/abc-parser-v2/src/main/kotlin/io/github/ryangardner/abc/parser/v2/AntlrAbcParser.kt: (53, 34) Variable 'key' initializer is redundant
[INFO] 
[INFO] --- resources:3.3.1:testResources (default-testResources) @ abc-parser-v2 ---
[INFO] skip non existing resourceDirectory /Users/ryan.gardner/gitother/abc-jvm/abc-parser-v2/src/test/resources
[INFO] 
[INFO] --- compiler:3.13.0:testCompile (default-testCompile) @ abc-parser-v2 ---
[INFO] No sources to compile
[INFO] 
[INFO] --- kotlin:1.9.22:test-compile (test-compile) @ abc-parser-v2 ---
[INFO] No sources to compile
[INFO] 
[INFO] --- surefire:3.2.5:test (default-test) @ abc-parser-v2 ---
[INFO] No tests to run.
[INFO] 
[INFO] -------------------< io.github.ryangardner:abc-test >-------------------
[INFO] Building abc-test 0.1.0-SNAPSHOT                                   [7/7]
[INFO]   from abc-test/pom.xml
[INFO] --------------------------------[ jar ]---------------------------------
[INFO] 
[INFO] --- resources:3.3.1:resources (default-resources) @ abc-test ---
[INFO] skip non existing resourceDirectory /Users/ryan.gardner/gitother/abc-jvm/abc-test/src/main/resources
[INFO] 
[INFO] --- compiler:3.13.0:compile (default-compile) @ abc-test ---
[INFO] No sources to compile
[INFO] 
[INFO] --- kotlin:1.9.22:compile (compile) @ abc-test ---
[WARNING] Source root doesn't exist: /Users/ryan.gardner/gitother/abc-jvm/abc-test/src/main/java
[WARNING] /Users/ryan.gardner/gitother/abc-jvm/abc-test/src/main/kotlin/io/github/ryangardner/abc/test/DatasetDownloader.kt: (21, 19) 'constructor URL(String!)' is deprecated. Deprecated in Java
[INFO] 
[INFO] --- resources:3.3.1:testResources (default-testResources) @ abc-test ---
[INFO] Copying 45 resources from src/test/resources to target/test-classes
[INFO] 
[INFO] --- compiler:3.13.0:testCompile (default-testCompile) @ abc-test ---
[INFO] No sources to compile
[INFO] 
[INFO] --- kotlin:1.9.22:test-compile (test-compile) @ abc-test ---
[WARNING] Source root doesn't exist: /Users/ryan.gardner/gitother/abc-jvm/abc-test/src/test/java
[INFO] 
[INFO] --- surefire:3.2.5:test (default-test) @ abc-test ---
[INFO] Using auto detected provider org.apache.maven.surefire.junitplatform.JUnitPlatformProvider
[INFO] 
[INFO] -------------------------------------------------------
[INFO]  T E S T S
[INFO] -------------------------------------------------------
[INFO] Running io.github.ryangardner.abc.test.RegressionHeavyTest
--- SERIALIZED BOOK FOR tune_001367.abc ---
X: 71
T: 24th Ps New V. 46 2 Over,2voices. WHG.071
M: C|
L: 1/4
C: Composed by Edwd. Towerzey
R: hymn
B: W.H.Giles MS,Bampton,Oxfordshire,1839p69, 68
O: England
H: donated by Mrs W.R.Kettlewell to VWML,Apr 1927.
A: Bampton, Oxfordshire
N: The bar "£" is |dzz2| in the MS.
Z: PJHeadford - VMP 2009
Q: 1/2=100
K: C

V:1
G|ECEG|ECEG|ECEG|c2ze|
w:E-rect__ yr Heds__ E-ter_nal_ Gate
d2c2|f2e2|dd3/4d/4de&dG3/4G/4Ge|d2d2|
w:||****the king of
dcBz|c2zc|c3c|(Be(dc|
w:Glo_ry
d2!T!A2|G3:||z|
V:2
e|(cAce|(cAce|(cAce|A2zc|d2c2|B2A2|G3z|z4|
z4|c2(^df|g2zd|ge(GA|B2{d}(B2{a}|E3:||z|

V:1
D2 d3/2c/2|(B3/2A/2 (G3/2F/2|(E3/2D/2 Cz|c2zB|c2 (e3/2d/2|(c3/2A/2 (B3/2G/2|
A3 C|E3/2G/2 c3/2e/2|A2 (d3/2c/2|B3 c|d2 (cd|e2 !T!d2|!H!c3||
V:2
B2 B3/2A/2|(G3/2F/2 E3/2D/2|(C3/2B,/2 G,z|A2 zc|f2 B2|c2 c2|
F3 A|c3/2e/2 a3/2c/2|d2 B2|E3 c|d2 cd|e2 E2|!H!A3|]
-----------------------------------------
--- SERIALIZED BOOK FOR tune_001366.abc ---
X: 70
T: 24th Ps New V. 46 2 Over,2voices. WHG.069
M: C|
L: 1/4
C: Composed by Edwd. Towerzey
R: hymn
S: W.H.Giles MS,Bampton,Oxfordshire,1839p69, 68
O: England
H: donated by Mrs W.R.Kettlewell to VWML,Apr 1927.
A: Bampton, Oxfordshire
N: The bar "£" is |dzz2| in the MS.
Z: PJHeadford - VMP 2009
Q: 1/2=100
K: C

V:1
G|ECEG|ECEG|ECEG|c2ze|
w:E-rect__ yr Heds__ E-ter_nal_ Gate
d2c2|f2e2|dd3/4d/4de&dG3/4G/4Ge|d2d2|
w:||****the king of
dcBz|c2zc|c3c|(Be(dc|
w:Glo_ry
d2!T!A2|G3:||z|
V:2
e|(cAce|(cAce|(cAce|A2zc|d2c2|B2A2|G3z|z4|
z4|c2(^df|g2zd|ge(GA|B2{d}(B2{a}|E3:||z|

V:1
D2 d3/2c/2|(B3/2A/2 (G3/2F/2|(E3/2D/2 Cz|c2zB|c2 (e3/2d/2|(c3/2A/2 (B3/2G/2|
A3 C|E3/2G/2 c3/2e/2|A2 (d3/2c/2|B3 c|d2 (cd|e2 !T!d2|!H!c3||
V:2
B2 B3/2A/2|(G3/2F/2 E3/2D/2|(C3/2B,/2 G,z|A2 zc|f2 B2|c2 c2|
F3 A|c3/2e/2 a3/2c/2|d2 B2|E3 c|d2 cd|e2 E2|!H!A3|]
-----------------------------------------
line 15:41 no viable alternative at input '[1 [A4E4] :|'
line 15:53 no viable alternative at input '[2 [A2E2] |]'
line 20:41 no viable alternative at input '[1 [A2E2] :|'
line 20:53 no viable alternative at input '[2 [A4E4] |]'
--- SERIALIZED BOOK FOR tune_001562.abc ---
X: 1
T: the 28th of January
M: 2/4
L: 1/8
O: trad. Appalachia
R: hornpipe
Z: 2024 John Chambers <jc:trillian.mit.edu>
D: the Fuzzy Mountain Stringband
S: Cammy Kaynor on facebook 20040128
K: A dorian
|: [EA,]3/2[EA,]/2 [EC]3/2[EC]/2 | [AD]3/2[AD]/2 [AF]3/2[AF]/2 | [EA,]3/2[EA,]/2 [EC]3/2[EC]/2 | [A2D2] (3(DEF || G3/2B/2 c3/2B/2 | A3/2G/2 E3/2D/2 | G3/2B/2 c3/2B/2 | A3/2G/2 E3/2D/2 ||
|| [EA,]3/2[EA,]/2 [EC]3/2[EC]/2 | [AD]3/2[AD]/2 [AF]3/2[AF]/2 | [EA,]3/2[EA,]/2 [EC]3/2[EC]/2 | [A2D2] (3(DEF || G3/2B/2 e3/2a/2 | f3/2d/2 B3/2G/2 | E3/2G/2 A2 | [A4E4] :| [A2E2] |]

|: (3(efg | a2- a3/2b/2 | a3/2g/2 e3/2g/2 | a3/2g/2 a3/2b/2 | g2 ([^f2_B2] || [g2B2] g3/2a/2 | b3/2a/2 g3/2f/2 | e3/2f/2 g3/2a/2 | b3/2a/2 (3(gfe ||
|| a2- a3/2b/2 | a3/2g/2 e3/2g/2 | a3/2g/2 a3/2b/2 | g2 f3/2e/2 || d3/2f/2 a3/2g/2 | e3/2d/2 B3/2G/2 | E3/2G/2 A2 | [A2E2] :| [A4E4] |]
-----------------------------------------
line 22:0 token recognition error at: 'no'
line 22:2 token recognition error at: 'tC'
line 22:4 token recognition error at: ':'
line 22:5 token recognition error at: 'Co'
line 22:7 token recognition error at: 'mp'
line 22:9 token recognition error at: 'os'
line 22:11 token recognition error at: 'ed'
line 22:14 token recognition error at: 'by'
line 22:17 token recognition error at: 'Ed'
line 22:19 token recognition error at: 'wd'
line 22:21 token recognition error at: '.'
line 22:23 token recognition error at: 'To'
line 22:25 token recognition error at: 'we'
line 22:27 token recognition error at: 'rz'
line 22:29 token recognition error at: 'ey'
line 22:31 extraneous input '\n' expecting {STYLESHEET, 'K:', FIELD_ID, HEADER_TEXT_BLOCK_START}
--- SERIALIZED BOOK FOR tune_001365.abc ---
X: 70
T: 24th Ps New V. 46 2 Over,2voices. WHG.069
M: C|
L: 1/4
R: Hymn
S: W.H.Giles MS,Bampton,Oxfordshire,1839p69, 68
O: England
H: donated by Mrs W.R.Kettlewell to VWML,Apr 1927.
A: Oxfordshire - Bampton
N: The bar "£" is |dzz2| in the MS.
Z: PJHeadford - VMP 2009
Q: 1/2=100
B: Village Music project, Giles, William
K: C

V:1
G|ECEG|ECEG|ECEG|c2ze|
w:E-rect__ yr Heds__ E-ter_nal_ Gate
d2c2|f2e2|dd3/4d/4de&dG3/4G/4Ge|d2d2|
w:||****the king of
dcBz|c2zc|c3c|(Be(dc|
w:Glo_ry
d2!T!A2|G3:||z|
V:2
e|(cAce|(cAce|(cAce|A2zc|d2c2|B2A2|G3z|z4|
z4|c2(^df|g2zd|ge(GA|B2{d}(B2{a}|E3:||z|

V:1
D2 d3/2c/2|(B3/2A/2 (G3/2F/2|(E3/2D/2 Cz|c2zB|c2 (e3/2d/2|(c3/2A/2 (B3/2G/2|
A3 C|E3/2G/2 c3/2e/2|A2 (d3/2c/2|B3 c|d2 (cd|e2 !T!d2|!H!c3||
V:2
B2 B3/2A/2|(G3/2F/2 E3/2D/2|(C3/2B,/2 G,z|A2 zc|f2 B2|c2 c2|
F3 A|c3/2e/2 a3/2c/2|d2 B2|E3 c|d2 cd|e2 E2|!H!A3|]
-----------------------------------------
--- SERIALIZED BOOK FOR tune_001703.abc ---
X: 4
T: 2. Mon amy
T: (Ronde 2)
T: Bassus
M: 4/2
L: 1/2
C: Tielman Susato
S: Tileman Susato: Danserye (1551)
R: Ronde
K: C
d2dd|A2ef|c2ff|A2AA::f3/2e/4d/4cA-|A/2B/2cdd|Gcd2|

A2d2::ddc3/2A/2|ddc3/2A/2|ddcc|d3/2d/2GA|d2d3/2d/2|GAd2:|
-----------------------------------------
--- SERIALIZED BOOK FOR tune_001054.abc ---
X: 4
T: 1. Pour quoy
T: (Ronde 1)
T: Bassus
M: 4/2
L: 1/2
C: Tielman Susato
S: Tileman Susato: Danserye (1551)
R: Ronde
K: C
ddA3/2A/2|dAd2|GGcd|A2d2::ddf3/2e/4d/4|c/2d/2eAd|ddf3/2e/4d/4|c/2d/2eA2|

d3/2c/2AA|d3/2c/2Ad|G2cd|A2d2|d3/2c/2AA|d3/2c/2Ad|G2cd|A2d2:|
-----------------------------------------
line 3:2 missing FIELD_CONTENT at '\n'
line 27:49 extraneous input ']' expecting {<EOF>, X_REF_START}
--- SERIALIZED BOOK FOR tune_000464.abc ---
X: 2
T: 11. Fantasia tertia.
T: Tenor.
M: C
L: 1/4
C: B. Lupachino.
O: Bicinia, sive Cantionis
H: printed in Antwerp by Petrum Phalesium, 1609
Z: Transcribed by Laura Conrad http://www.laymusic.org
N: Original clef, C on fourth line
K: F
z8 c4 A2 B2 G3/2  F/2 G A G/2 F/2 E/2 D/2 F3 E/2 D/2 E2 F8 z4 F2 c3/2  c/2 d2 B2 c3 B A2 B2 G2 A3 G F3 _E E2
N:(1) Original is quarter note
N:(2) If the dot is there in the original, it's covered by a smudge
N:(3) My original guess about this smudge was that it was a half rest.
F2 c3/2  B/2 A F G A D2 z G A c B3/2  A/2 G2 F f2 e g/2 f/2 e/2 d/2 c/2 A/2 d3/2  c/2 A B c F A3/2  G/2 F/2 E/2 D F
E C G4 z D2 E F2 G/2 A/2 B/2 c/2 d/2 e/2 f d2 c2 B G d3/2  c/2 A/2 B/2 c/2 A/2 B/2 A/2 G/2 F/2 G4 F2 F B c d e c
e f g G d3 c B2 A3/2  B/2 c d3/2  c/2 d G d2 c2 B2 A G g2 f3/2  e/2 d/2 c/2 B/2 A/2 B2 G2 d3/2  c/2 A2 f4 B2 c3/2  d/2 _e2
f3/2  e/2 d2 c g3/2  f/2 e/2 d/2 c A B c2 B c2 z A B c d f3/2  e/2 c d B c d c/2 B/2 A/2 G/2 F f3/2  e/2 d c2

B _e d2 c f3/2  e/2 d/2 c/2 B/2 A/2 d3/2  c/2 c2 f e d2 c2 f2 _e f3/2  e/2 c d2 c2 A G2 A F B2 A2 F G
A c2 B c3/2  B/2 A G B A G2 F6 z2 c4 A2 B2 G3/2  F/2 G A3/2  G/2 F/2 E/2 D F2 E/2 D/2 E2 F A2 F G2 A B2 A G2 F16 |]
-----------------------------------------
[ERROR] Tests run: 13, Failures: 7, Errors: 0, Skipped: 0, Time elapsed: 1.758 s <<< FAILURE! -- in io.github.ryangardner.abc.test.RegressionHeavyTest
[ERROR] io.github.ryangardner.abc.test.RegressionHeavyTest.test regression tunes fidelity(File)[1] -- Time elapsed: 0.309 s <<< FAILURE!
org.opentest4j.AssertionFailedError: [tune_001367.abc] Tune 0 Voice 1 element count mismatch ==> expected: <87> but was: <49>
	at org.junit.jupiter.api.AssertionFailureBuilder.build(AssertionFailureBuilder.java:151)
	at org.junit.jupiter.api.AssertionFailureBuilder.buildAndThrow(AssertionFailureBuilder.java:132)
	at org.junit.jupiter.api.AssertEquals.failNotEqual(AssertEquals.java:197)
	at org.junit.jupiter.api.AssertEquals.assertEquals(AssertEquals.java:150)
	at org.junit.jupiter.api.Assertions.assertEquals(Assertions.java:563)
	at io.github.ryangardner.abc.test.RegressionHeavyTest.test regression tunes fidelity(RegressionHeavyTest.kt:43)
	at java.base/java.lang.reflect.Method.invoke(Method.java:565)
	at java.base/java.util.stream.ForEachOps$ForEachOp$OfRef.accept(ForEachOps.java:186)
	at java.base/java.util.stream.ReferencePipeline$3$1.accept(ReferencePipeline.java:215)
	at java.base/java.util.stream.ReferencePipeline$2$1.accept(ReferencePipeline.java:197)
	at java.base/java.util.stream.ReferencePipeline$3$1.accept(ReferencePipeline.java:215)
	at java.base/java.util.stream.ForEachOps$ForEachOp$OfRef.accept(ForEachOps.java:186)
	at java.base/java.util.stream.ReferencePipeline$3$1.accept(ReferencePipeline.java:215)
	at java.base/java.util.stream.ReferencePipeline$3$1.accept(ReferencePipeline.java:215)
	at java.base/java.util.stream.ReferencePipeline$3$1.accept(ReferencePipeline.java:215)
	at java.base/java.util.stream.ForEachOps$ForEachOp$OfRef.accept(ForEachOps.java:186)
	at java.base/java.util.stream.ReferencePipeline$3$1.accept(ReferencePipeline.java:215)
	at java.base/java.util.ArrayList$ArrayListSpliterator.forEachRemaining(ArrayList.java:1716)
	at java.base/java.util.stream.ReferencePipeline$Head.forEach(ReferencePipeline.java:807)
	at java.base/java.util.stream.ReferencePipeline$7$1FlatMap.accept(ReferencePipeline.java:294)
	at java.base/java.util.stream.ReferencePipeline$3$1.accept(ReferencePipeline.java:215)
	at java.base/java.util.stream.ReferencePipeline$3$1.accept(ReferencePipeline.java:215)
	at java.base/java.util.stream.ReferencePipeline$3$1.accept(ReferencePipeline.java:215)
	at java.base/java.util.Spliterators$ArraySpliterator.forEachRemaining(Spliterators.java:1024)
	at java.base/java.util.stream.AbstractPipeline.copyInto(AbstractPipeline.java:570)
	at java.base/java.util.stream.AbstractPipeline.wrapAndCopyInto(AbstractPipeline.java:560)
	at java.base/java.util.stream.ForEachOps$ForEachOp.evaluateSequential(ForEachOps.java:153)
	at java.base/java.util.stream.ForEachOps$ForEachOp$OfRef.evaluateSequential(ForEachOps.java:176)
	at java.base/java.util.stream.AbstractPipeline.evaluate(AbstractPipeline.java:265)
	at java.base/java.util.stream.ReferencePipeline.forEach(ReferencePipeline.java:636)
	at java.base/java.util.stream.ReferencePipeline$7$1FlatMap.accept(ReferencePipeline.java:294)
	at java.base/java.util.stream.ReferencePipeline$3$1.accept(ReferencePipeline.java:215)
	at java.base/java.util.stream.ReferencePipeline$3$1.accept(ReferencePipeline.java:215)
	at java.base/java.util.stream.ReferencePipeline$3$1.accept(ReferencePipeline.java:215)
	at java.base/java.util.ArrayList$ArrayListSpliterator.forEachRemaining(ArrayList.java:1716)
	at java.base/java.util.stream.AbstractPipeline.copyInto(AbstractPipeline.java:570)
	at java.base/java.util.stream.AbstractPipeline.wrapAndCopyInto(AbstractPipeline.java:560)
	at java.base/java.util.stream.ForEachOps$ForEachOp.evaluateSequential(ForEachOps.java:153)
	at java.base/java.util.stream.ForEachOps$ForEachOp$OfRef.evaluateSequential(ForEachOps.java:176)
	at java.base/java.util.stream.AbstractPipeline.evaluate(AbstractPipeline.java:265)
	at java.base/java.util.stream.ReferencePipeline.forEach(ReferencePipeline.java:636)
	at java.base/java.util.stream.ReferencePipeline$7$1FlatMap.accept(ReferencePipeline.java:294)
	at java.base/java.util.ArrayList$ArrayListSpliterator.forEachRemaining(ArrayList.java:1716)
	at java.base/java.util.stream.AbstractPipeline.copyInto(AbstractPipeline.java:570)
	at java.base/java.util.stream.AbstractPipeline.wrapAndCopyInto(AbstractPipeline.java:560)
	at java.base/java.util.stream.ForEachOps$ForEachOp.evaluateSequential(ForEachOps.java:153)
	at java.base/java.util.stream.ForEachOps$ForEachOp$OfRef.evaluateSequential(ForEachOps.java:176)
	at java.base/java.util.stream.AbstractPipeline.evaluate(AbstractPipeline.java:265)
	at java.base/java.util.stream.ReferencePipeline.forEach(ReferencePipeline.java:636)
	at java.base/java.util.ArrayList.forEach(ArrayList.java:1604)
	at java.base/java.util.ArrayList.forEach(ArrayList.java:1604)

[ERROR] io.github.ryangardner.abc.test.RegressionHeavyTest.test regression tunes fidelity(File)[2] -- Time elapsed: 0.107 s <<< FAILURE!
org.opentest4j.AssertionFailedError: [tune_001366.abc] Tune 0 Voice 1 element count mismatch ==> expected: <87> but was: <49>
	at org.junit.jupiter.api.AssertionFailureBuilder.build(AssertionFailureBuilder.java:151)
	at org.junit.jupiter.api.AssertionFailureBuilder.buildAndThrow(AssertionFailureBuilder.java:132)
	at org.junit.jupiter.api.AssertEquals.failNotEqual(AssertEquals.java:197)
	at org.junit.jupiter.api.AssertEquals.assertEquals(AssertEquals.java:150)
	at org.junit.jupiter.api.Assertions.assertEquals(Assertions.java:563)
	at io.github.ryangardner.abc.test.RegressionHeavyTest.test regression tunes fidelity(RegressionHeavyTest.kt:43)
	at java.base/java.lang.reflect.Method.invoke(Method.java:565)
	at java.base/java.util.stream.ForEachOps$ForEachOp$OfRef.accept(ForEachOps.java:186)
	at java.base/java.util.stream.ReferencePipeline$3$1.accept(ReferencePipeline.java:215)
	at java.base/java.util.stream.ReferencePipeline$2$1.accept(ReferencePipeline.java:197)
	at java.base/java.util.stream.ReferencePipeline$3$1.accept(ReferencePipeline.java:215)
	at java.base/java.util.stream.ForEachOps$ForEachOp$OfRef.accept(ForEachOps.java:186)
	at java.base/java.util.stream.ReferencePipeline$3$1.accept(ReferencePipeline.java:215)
	at java.base/java.util.stream.ReferencePipeline$3$1.accept(ReferencePipeline.java:215)
	at java.base/java.util.stream.ReferencePipeline$3$1.accept(ReferencePipeline.java:215)
	at java.base/java.util.stream.ForEachOps$ForEachOp$OfRef.accept(ForEachOps.java:186)
	at java.base/java.util.stream.ReferencePipeline$3$1.accept(ReferencePipeline.java:215)
	at java.base/java.util.ArrayList$ArrayListSpliterator.forEachRemaining(ArrayList.java:1716)
	at java.base/java.util.stream.ReferencePipeline$Head.forEach(ReferencePipeline.java:807)
	at java.base/java.util.stream.ReferencePipeline$7$1FlatMap.accept(ReferencePipeline.java:294)
	at java.base/java.util.stream.ReferencePipeline$3$1.accept(ReferencePipeline.java:215)
	at java.base/java.util.stream.ReferencePipeline$3$1.accept(ReferencePipeline.java:215)
	at java.base/java.util.stream.ReferencePipeline$3$1.accept(ReferencePipeline.java:215)
	at java.base/java.util.Spliterators$ArraySpliterator.forEachRemaining(Spliterators.java:1024)
	at java.base/java.util.stream.AbstractPipeline.copyInto(AbstractPipeline.java:570)
	at java.base/java.util.stream.AbstractPipeline.wrapAndCopyInto(AbstractPipeline.java:560)
	at java.base/java.util.stream.ForEachOps$ForEachOp.evaluateSequential(ForEachOps.java:153)
	at java.base/java.util.stream.ForEachOps$ForEachOp$OfRef.evaluateSequential(ForEachOps.java:176)
	at java.base/java.util.stream.AbstractPipeline.evaluate(AbstractPipeline.java:265)
	at java.base/java.util.stream.ReferencePipeline.forEach(ReferencePipeline.java:636)
	at java.base/java.util.stream.ReferencePipeline$7$1FlatMap.accept(ReferencePipeline.java:294)
	at java.base/java.util.stream.ReferencePipeline$3$1.accept(ReferencePipeline.java:215)
	at java.base/java.util.stream.ReferencePipeline$3$1.accept(ReferencePipeline.java:215)
	at java.base/java.util.stream.ReferencePipeline$3$1.accept(ReferencePipeline.java:215)
	at java.base/java.util.ArrayList$ArrayListSpliterator.forEachRemaining(ArrayList.java:1716)
	at java.base/java.util.stream.AbstractPipeline.copyInto(AbstractPipeline.java:570)
	at java.base/java.util.stream.AbstractPipeline.wrapAndCopyInto(AbstractPipeline.java:560)
	at java.base/java.util.stream.ForEachOps$ForEachOp.evaluateSequential(ForEachOps.java:153)
	at java.base/java.util.stream.ForEachOps$ForEachOp$OfRef.evaluateSequential(ForEachOps.java:176)
	at java.base/java.util.stream.AbstractPipeline.evaluate(AbstractPipeline.java:265)
	at java.base/java.util.stream.ReferencePipeline.forEach(ReferencePipeline.java:636)
	at java.base/java.util.stream.ReferencePipeline$7$1FlatMap.accept(ReferencePipeline.java:294)
	at java.base/java.util.ArrayList$ArrayListSpliterator.forEachRemaining(ArrayList.java:1716)
	at java.base/java.util.stream.AbstractPipeline.copyInto(AbstractPipeline.java:570)
	at java.base/java.util.stream.AbstractPipeline.wrapAndCopyInto(AbstractPipeline.java:560)
	at java.base/java.util.stream.ForEachOps$ForEachOp.evaluateSequential(ForEachOps.java:153)
	at java.base/java.util.stream.ForEachOps$ForEachOp$OfRef.evaluateSequential(ForEachOps.java:176)
	at java.base/java.util.stream.AbstractPipeline.evaluate(AbstractPipeline.java:265)
	at java.base/java.util.stream.ReferencePipeline.forEach(ReferencePipeline.java:636)
	at java.base/java.util.ArrayList.forEach(ArrayList.java:1604)
	at java.base/java.util.ArrayList.forEach(ArrayList.java:1604)

[ERROR] io.github.ryangardner.abc.test.RegressionHeavyTest.test regression tunes fidelity(File)[3] -- Time elapsed: 0.117 s <<< FAILURE!
org.opentest4j.AssertionFailedError: [tune_001562.abc] Tune 0 Voice 1 element count mismatch ==> expected: <120> but was: <61>
	at org.junit.jupiter.api.AssertionFailureBuilder.build(AssertionFailureBuilder.java:151)
	at org.junit.jupiter.api.AssertionFailureBuilder.buildAndThrow(AssertionFailureBuilder.java:132)
	at org.junit.jupiter.api.AssertEquals.failNotEqual(AssertEquals.java:197)
	at org.junit.jupiter.api.AssertEquals.assertEquals(AssertEquals.java:150)
	at org.junit.jupiter.api.Assertions.assertEquals(Assertions.java:563)
	at io.github.ryangardner.abc.test.RegressionHeavyTest.test regression tunes fidelity(RegressionHeavyTest.kt:43)
	at java.base/java.lang.reflect.Method.invoke(Method.java:565)
	at java.base/java.util.stream.ForEachOps$ForEachOp$OfRef.accept(ForEachOps.java:186)
	at java.base/java.util.stream.ReferencePipeline$3$1.accept(ReferencePipeline.java:215)
	at java.base/java.util.stream.ReferencePipeline$2$1.accept(ReferencePipeline.java:197)
	at java.base/java.util.stream.ReferencePipeline$3$1.accept(ReferencePipeline.java:215)
	at java.base/java.util.stream.ForEachOps$ForEachOp$OfRef.accept(ForEachOps.java:186)
	at java.base/java.util.stream.ReferencePipeline$3$1.accept(ReferencePipeline.java:215)
	at java.base/java.util.stream.ReferencePipeline$3$1.accept(ReferencePipeline.java:215)
	at java.base/java.util.stream.ReferencePipeline$3$1.accept(ReferencePipeline.java:215)
	at java.base/java.util.stream.ForEachOps$ForEachOp$OfRef.accept(ForEachOps.java:186)
	at java.base/java.util.stream.ReferencePipeline$3$1.accept(ReferencePipeline.java:215)
	at java.base/java.util.ArrayList$ArrayListSpliterator.forEachRemaining(ArrayList.java:1716)
	at java.base/java.util.stream.ReferencePipeline$Head.forEach(ReferencePipeline.java:807)
	at java.base/java.util.stream.ReferencePipeline$7$1FlatMap.accept(ReferencePipeline.java:294)
	at java.base/java.util.stream.ReferencePipeline$3$1.accept(ReferencePipeline.java:215)
	at java.base/java.util.stream.ReferencePipeline$3$1.accept(ReferencePipeline.java:215)
	at java.base/java.util.stream.ReferencePipeline$3$1.accept(ReferencePipeline.java:215)
	at java.base/java.util.Spliterators$ArraySpliterator.forEachRemaining(Spliterators.java:1024)
	at java.base/java.util.stream.AbstractPipeline.copyInto(AbstractPipeline.java:570)
	at java.base/java.util.stream.AbstractPipeline.wrapAndCopyInto(AbstractPipeline.java:560)
	at java.base/java.util.stream.ForEachOps$ForEachOp.evaluateSequential(ForEachOps.java:153)
	at java.base/java.util.stream.ForEachOps$ForEachOp$OfRef.evaluateSequential(ForEachOps.java:176)
	at java.base/java.util.stream.AbstractPipeline.evaluate(AbstractPipeline.java:265)
	at java.base/java.util.stream.ReferencePipeline.forEach(ReferencePipeline.java:636)
	at java.base/java.util.stream.ReferencePipeline$7$1FlatMap.accept(ReferencePipeline.java:294)
	at java.base/java.util.stream.ReferencePipeline$3$1.accept(ReferencePipeline.java:215)
	at java.base/java.util.stream.ReferencePipeline$3$1.accept(ReferencePipeline.java:215)
	at java.base/java.util.stream.ReferencePipeline$3$1.accept(ReferencePipeline.java:215)
	at java.base/java.util.ArrayList$ArrayListSpliterator.forEachRemaining(ArrayList.java:1716)
	at java.base/java.util.stream.AbstractPipeline.copyInto(AbstractPipeline.java:570)
	at java.base/java.util.stream.AbstractPipeline.wrapAndCopyInto(AbstractPipeline.java:560)
	at java.base/java.util.stream.ForEachOps$ForEachOp.evaluateSequential(ForEachOps.java:153)
	at java.base/java.util.stream.ForEachOps$ForEachOp$OfRef.evaluateSequential(ForEachOps.java:176)
	at java.base/java.util.stream.AbstractPipeline.evaluate(AbstractPipeline.java:265)
	at java.base/java.util.stream.ReferencePipeline.forEach(ReferencePipeline.java:636)
	at java.base/java.util.stream.ReferencePipeline$7$1FlatMap.accept(ReferencePipeline.java:294)
	at java.base/java.util.ArrayList$ArrayListSpliterator.forEachRemaining(ArrayList.java:1716)
	at java.base/java.util.stream.AbstractPipeline.copyInto(AbstractPipeline.java:570)
	at java.base/java.util.stream.AbstractPipeline.wrapAndCopyInto(AbstractPipeline.java:560)
	at java.base/java.util.stream.ForEachOps$ForEachOp.evaluateSequential(ForEachOps.java:153)
	at java.base/java.util.stream.ForEachOps$ForEachOp$OfRef.evaluateSequential(ForEachOps.java:176)
	at java.base/java.util.stream.AbstractPipeline.evaluate(AbstractPipeline.java:265)
	at java.base/java.util.stream.ReferencePipeline.forEach(ReferencePipeline.java:636)
	at java.base/java.util.ArrayList.forEach(ArrayList.java:1604)
	at java.base/java.util.ArrayList.forEach(ArrayList.java:1604)

[ERROR] io.github.ryangardner.abc.test.RegressionHeavyTest.test regression tunes fidelity(File)[4] -- Time elapsed: 0.084 s <<< FAILURE!
org.opentest4j.AssertionFailedError: [tune_001365.abc] Tune 0 Voice 1 element count mismatch ==> expected: <87> but was: <49>
	at org.junit.jupiter.api.AssertionFailureBuilder.build(AssertionFailureBuilder.java:151)
	at org.junit.jupiter.api.AssertionFailureBuilder.buildAndThrow(AssertionFailureBuilder.java:132)
	at org.junit.jupiter.api.AssertEquals.failNotEqual(AssertEquals.java:197)
	at org.junit.jupiter.api.AssertEquals.assertEquals(AssertEquals.java:150)
	at org.junit.jupiter.api.Assertions.assertEquals(Assertions.java:563)
	at io.github.ryangardner.abc.test.RegressionHeavyTest.test regression tunes fidelity(RegressionHeavyTest.kt:43)
	at java.base/java.lang.reflect.Method.invoke(Method.java:565)
	at java.base/java.util.stream.ForEachOps$ForEachOp$OfRef.accept(ForEachOps.java:186)
	at java.base/java.util.stream.ReferencePipeline$3$1.accept(ReferencePipeline.java:215)
	at java.base/java.util.stream.ReferencePipeline$2$1.accept(ReferencePipeline.java:197)
	at java.base/java.util.stream.ReferencePipeline$3$1.accept(ReferencePipeline.java:215)
	at java.base/java.util.stream.ForEachOps$ForEachOp$OfRef.accept(ForEachOps.java:186)
	at java.base/java.util.stream.ReferencePipeline$3$1.accept(ReferencePipeline.java:215)
	at java.base/java.util.stream.ReferencePipeline$3$1.accept(ReferencePipeline.java:215)
	at java.base/java.util.stream.ReferencePipeline$3$1.accept(ReferencePipeline.java:215)
	at java.base/java.util.stream.ForEachOps$ForEachOp$OfRef.accept(ForEachOps.java:186)
	at java.base/java.util.stream.ReferencePipeline$3$1.accept(ReferencePipeline.java:215)
	at java.base/java.util.ArrayList$ArrayListSpliterator.forEachRemaining(ArrayList.java:1716)
	at java.base/java.util.stream.ReferencePipeline$Head.forEach(ReferencePipeline.java:807)
	at java.base/java.util.stream.ReferencePipeline$7$1FlatMap.accept(ReferencePipeline.java:294)
	at java.base/java.util.stream.ReferencePipeline$3$1.accept(ReferencePipeline.java:215)
	at java.base/java.util.stream.ReferencePipeline$3$1.accept(ReferencePipeline.java:215)
	at java.base/java.util.stream.ReferencePipeline$3$1.accept(ReferencePipeline.java:215)
	at java.base/java.util.Spliterators$ArraySpliterator.forEachRemaining(Spliterators.java:1024)
	at java.base/java.util.stream.AbstractPipeline.copyInto(AbstractPipeline.java:570)
	at java.base/java.util.stream.AbstractPipeline.wrapAndCopyInto(AbstractPipeline.java:560)
	at java.base/java.util.stream.ForEachOps$ForEachOp.evaluateSequential(ForEachOps.java:153)
	at java.base/java.util.stream.ForEachOps$ForEachOp$OfRef.evaluateSequential(ForEachOps.java:176)
	at java.base/java.util.stream.AbstractPipeline.evaluate(AbstractPipeline.java:265)
	at java.base/java.util.stream.ReferencePipeline.forEach(ReferencePipeline.java:636)
	at java.base/java.util.stream.ReferencePipeline$7$1FlatMap.accept(ReferencePipeline.java:294)
	at java.base/java.util.stream.ReferencePipeline$3$1.accept(ReferencePipeline.java:215)
	at java.base/java.util.stream.ReferencePipeline$3$1.accept(ReferencePipeline.java:215)
	at java.base/java.util.stream.ReferencePipeline$3$1.accept(ReferencePipeline.java:215)
	at java.base/java.util.ArrayList$ArrayListSpliterator.forEachRemaining(ArrayList.java:1716)
	at java.base/java.util.stream.AbstractPipeline.copyInto(AbstractPipeline.java:570)
	at java.base/java.util.stream.AbstractPipeline.wrapAndCopyInto(AbstractPipeline.java:560)
	at java.base/java.util.stream.ForEachOps$ForEachOp.evaluateSequential(ForEachOps.java:153)
	at java.base/java.util.stream.ForEachOps$ForEachOp$OfRef.evaluateSequential(ForEachOps.java:176)
	at java.base/java.util.stream.AbstractPipeline.evaluate(AbstractPipeline.java:265)
	at java.base/java.util.stream.ReferencePipeline.forEach(ReferencePipeline.java:636)
	at java.base/java.util.stream.ReferencePipeline$7$1FlatMap.accept(ReferencePipeline.java:294)
	at java.base/java.util.ArrayList$ArrayListSpliterator.forEachRemaining(ArrayList.java:1716)
	at java.base/java.util.stream.AbstractPipeline.copyInto(AbstractPipeline.java:570)
	at java.base/java.util.stream.AbstractPipeline.wrapAndCopyInto(AbstractPipeline.java:560)
	at java.base/java.util.stream.ForEachOps$ForEachOp.evaluateSequential(ForEachOps.java:153)
	at java.base/java.util.stream.ForEachOps$ForEachOp$OfRef.evaluateSequential(ForEachOps.java:176)
	at java.base/java.util.stream.AbstractPipeline.evaluate(AbstractPipeline.java:265)
	at java.base/java.util.stream.ReferencePipeline.forEach(ReferencePipeline.java:636)
	at java.base/java.util.ArrayList.forEach(ArrayList.java:1604)
	at java.base/java.util.ArrayList.forEach(ArrayList.java:1604)

[ERROR] io.github.ryangardner.abc.test.RegressionHeavyTest.test regression tunes fidelity(File)[7] -- Time elapsed: 0.016 s <<< FAILURE!
org.opentest4j.AssertionFailedError: [tune_001703.abc] Tune 0 Voice 1 element count mismatch ==> expected: <49> but was: <25>
	at org.junit.jupiter.api.AssertionFailureBuilder.build(AssertionFailureBuilder.java:151)
	at org.junit.jupiter.api.AssertionFailureBuilder.buildAndThrow(AssertionFailureBuilder.java:132)
	at org.junit.jupiter.api.AssertEquals.failNotEqual(AssertEquals.java:197)
	at org.junit.jupiter.api.AssertEquals.assertEquals(AssertEquals.java:150)
	at org.junit.jupiter.api.Assertions.assertEquals(Assertions.java:563)
	at io.github.ryangardner.abc.test.RegressionHeavyTest.test regression tunes fidelity(RegressionHeavyTest.kt:43)
	at java.base/java.lang.reflect.Method.invoke(Method.java:565)
	at java.base/java.util.stream.ForEachOps$ForEachOp$OfRef.accept(ForEachOps.java:186)
	at java.base/java.util.stream.ReferencePipeline$3$1.accept(ReferencePipeline.java:215)
	at java.base/java.util.stream.ReferencePipeline$2$1.accept(ReferencePipeline.java:197)
	at java.base/java.util.stream.ReferencePipeline$3$1.accept(ReferencePipeline.java:215)
	at java.base/java.util.stream.ForEachOps$ForEachOp$OfRef.accept(ForEachOps.java:186)
	at java.base/java.util.stream.ReferencePipeline$3$1.accept(ReferencePipeline.java:215)
	at java.base/java.util.stream.ReferencePipeline$3$1.accept(ReferencePipeline.java:215)
	at java.base/java.util.stream.ReferencePipeline$3$1.accept(ReferencePipeline.java:215)
	at java.base/java.util.stream.ForEachOps$ForEachOp$OfRef.accept(ForEachOps.java:186)
	at java.base/java.util.stream.ReferencePipeline$3$1.accept(ReferencePipeline.java:215)
	at java.base/java.util.ArrayList$ArrayListSpliterator.forEachRemaining(ArrayList.java:1716)
	at java.base/java.util.stream.ReferencePipeline$Head.forEach(ReferencePipeline.java:807)
	at java.base/java.util.stream.ReferencePipeline$7$1FlatMap.accept(ReferencePipeline.java:294)
	at java.base/java.util.stream.ReferencePipeline$3$1.accept(ReferencePipeline.java:215)
	at java.base/java.util.stream.ReferencePipeline$3$1.accept(ReferencePipeline.java:215)
	at java.base/java.util.stream.ReferencePipeline$3$1.accept(ReferencePipeline.java:215)
	at java.base/java.util.Spliterators$ArraySpliterator.forEachRemaining(Spliterators.java:1024)
	at java.base/java.util.stream.AbstractPipeline.copyInto(AbstractPipeline.java:570)
	at java.base/java.util.stream.AbstractPipeline.wrapAndCopyInto(AbstractPipeline.java:560)
	at java.base/java.util.stream.ForEachOps$ForEachOp.evaluateSequential(ForEachOps.java:153)
	at java.base/java.util.stream.ForEachOps$ForEachOp$OfRef.evaluateSequential(ForEachOps.java:176)
	at java.base/java.util.stream.AbstractPipeline.evaluate(AbstractPipeline.java:265)
	at java.base/java.util.stream.ReferencePipeline.forEach(ReferencePipeline.java:636)
	at java.base/java.util.stream.ReferencePipeline$7$1FlatMap.accept(ReferencePipeline.java:294)
	at java.base/java.util.stream.ReferencePipeline$3$1.accept(ReferencePipeline.java:215)
	at java.base/java.util.stream.ReferencePipeline$3$1.accept(ReferencePipeline.java:215)
	at java.base/java.util.stream.ReferencePipeline$3$1.accept(ReferencePipeline.java:215)
	at java.base/java.util.ArrayList$ArrayListSpliterator.forEachRemaining(ArrayList.java:1716)
	at java.base/java.util.stream.AbstractPipeline.copyInto(AbstractPipeline.java:570)
	at java.base/java.util.stream.AbstractPipeline.wrapAndCopyInto(AbstractPipeline.java:560)
	at java.base/java.util.stream.ForEachOps$ForEachOp.evaluateSequential(ForEachOps.java:153)
	at java.base/java.util.stream.ForEachOps$ForEachOp$OfRef.evaluateSequential(ForEachOps.java:176)
	at java.base/java.util.stream.AbstractPipeline.evaluate(AbstractPipeline.java:265)
	at java.base/java.util.stream.ReferencePipeline.forEach(ReferencePipeline.java:636)
	at java.base/java.util.stream.ReferencePipeline$7$1FlatMap.accept(ReferencePipeline.java:294)
	at java.base/java.util.ArrayList$ArrayListSpliterator.forEachRemaining(ArrayList.java:1716)
	at java.base/java.util.stream.AbstractPipeline.copyInto(AbstractPipeline.java:570)
	at java.base/java.util.stream.AbstractPipeline.wrapAndCopyInto(AbstractPipeline.java:560)
	at java.base/java.util.stream.ForEachOps$ForEachOp.evaluateSequential(ForEachOps.java:153)
	at java.base/java.util.stream.ForEachOps$ForEachOp$OfRef.evaluateSequential(ForEachOps.java:176)
	at java.base/java.util.stream.AbstractPipeline.evaluate(AbstractPipeline.java:265)
	at java.base/java.util.stream.ReferencePipeline.forEach(ReferencePipeline.java:636)
	at java.base/java.util.ArrayList.forEach(ArrayList.java:1604)
	at java.base/java.util.ArrayList.forEach(ArrayList.java:1604)

[ERROR] io.github.ryangardner.abc.test.RegressionHeavyTest.test regression tunes fidelity(File)[10] -- Time elapsed: 0.025 s <<< FAILURE!
org.opentest4j.AssertionFailedError: [tune_001054.abc] Tune 0 Voice 1 element count mismatch ==> expected: <58> but was: <32>
	at org.junit.jupiter.api.AssertionFailureBuilder.build(AssertionFailureBuilder.java:151)
	at org.junit.jupiter.api.AssertionFailureBuilder.buildAndThrow(AssertionFailureBuilder.java:132)
	at org.junit.jupiter.api.AssertEquals.failNotEqual(AssertEquals.java:197)
	at org.junit.jupiter.api.AssertEquals.assertEquals(AssertEquals.java:150)
	at org.junit.jupiter.api.Assertions.assertEquals(Assertions.java:563)
	at io.github.ryangardner.abc.test.RegressionHeavyTest.test regression tunes fidelity(RegressionHeavyTest.kt:43)
	at java.base/java.lang.reflect.Method.invoke(Method.java:565)
	at java.base/java.util.stream.ForEachOps$ForEachOp$OfRef.accept(ForEachOps.java:186)
	at java.base/java.util.stream.ReferencePipeline$3$1.accept(ReferencePipeline.java:215)
	at java.base/java.util.stream.ReferencePipeline$2$1.accept(ReferencePipeline.java:197)
	at java.base/java.util.stream.ReferencePipeline$3$1.accept(ReferencePipeline.java:215)
	at java.base/java.util.stream.ForEachOps$ForEachOp$OfRef.accept(ForEachOps.java:186)
	at java.base/java.util.stream.ReferencePipeline$3$1.accept(ReferencePipeline.java:215)
	at java.base/java.util.stream.ReferencePipeline$3$1.accept(ReferencePipeline.java:215)
	at java.base/java.util.stream.ReferencePipeline$3$1.accept(ReferencePipeline.java:215)
	at java.base/java.util.stream.ForEachOps$ForEachOp$OfRef.accept(ForEachOps.java:186)
	at java.base/java.util.stream.ReferencePipeline$3$1.accept(ReferencePipeline.java:215)
	at java.base/java.util.ArrayList$ArrayListSpliterator.forEachRemaining(ArrayList.java:1716)
	at java.base/java.util.stream.ReferencePipeline$Head.forEach(ReferencePipeline.java:807)
	at java.base/java.util.stream.ReferencePipeline$7$1FlatMap.accept(ReferencePipeline.java:294)
	at java.base/java.util.stream.ReferencePipeline$3$1.accept(ReferencePipeline.java:215)
	at java.base/java.util.stream.ReferencePipeline$3$1.accept(ReferencePipeline.java:215)
	at java.base/java.util.stream.ReferencePipeline$3$1.accept(ReferencePipeline.java:215)
	at java.base/java.util.Spliterators$ArraySpliterator.forEachRemaining(Spliterators.java:1024)
	at java.base/java.util.stream.AbstractPipeline.copyInto(AbstractPipeline.java:570)
	at java.base/java.util.stream.AbstractPipeline.wrapAndCopyInto(AbstractPipeline.java:560)
	at java.base/java.util.stream.ForEachOps$ForEachOp.evaluateSequential(ForEachOps.java:153)
	at java.base/java.util.stream.ForEachOps$ForEachOp$OfRef.evaluateSequential(ForEachOps.java:176)
	at java.base/java.util.stream.AbstractPipeline.evaluate(AbstractPipeline.java:265)
	at java.base/java.util.stream.ReferencePipeline.forEach(ReferencePipeline.java:636)
	at java.base/java.util.stream.ReferencePipeline$7$1FlatMap.accept(ReferencePipeline.java:294)
	at java.base/java.util.stream.ReferencePipeline$3$1.accept(ReferencePipeline.java:215)
	at java.base/java.util.stream.ReferencePipeline$3$1.accept(ReferencePipeline.java:215)
	at java.base/java.util.stream.ReferencePipeline$3$1.accept(ReferencePipeline.java:215)
	at java.base/java.util.ArrayList$ArrayListSpliterator.forEachRemaining(ArrayList.java:1716)
	at java.base/java.util.stream.AbstractPipeline.copyInto(AbstractPipeline.java:570)
	at java.base/java.util.stream.AbstractPipeline.wrapAndCopyInto(AbstractPipeline.java:560)
	at java.base/java.util.stream.ForEachOps$ForEachOp.evaluateSequential(ForEachOps.java:153)
	at java.base/java.util.stream.ForEachOps$ForEachOp$OfRef.evaluateSequential(ForEachOps.java:176)
	at java.base/java.util.stream.AbstractPipeline.evaluate(AbstractPipeline.java:265)
	at java.base/java.util.stream.ReferencePipeline.forEach(ReferencePipeline.java:636)
	at java.base/java.util.stream.ReferencePipeline$7$1FlatMap.accept(ReferencePipeline.java:294)
	at java.base/java.util.ArrayList$ArrayListSpliterator.forEachRemaining(ArrayList.java:1716)
	at java.base/java.util.stream.AbstractPipeline.copyInto(AbstractPipeline.java:570)
	at java.base/java.util.stream.AbstractPipeline.wrapAndCopyInto(AbstractPipeline.java:560)
	at java.base/java.util.stream.ForEachOps$ForEachOp.evaluateSequential(ForEachOps.java:153)
	at java.base/java.util.stream.ForEachOps$ForEachOp$OfRef.evaluateSequential(ForEachOps.java:176)
	at java.base/java.util.stream.AbstractPipeline.evaluate(AbstractPipeline.java:265)
	at java.base/java.util.stream.ReferencePipeline.forEach(ReferencePipeline.java:636)
	at java.base/java.util.ArrayList.forEach(ArrayList.java:1604)
	at java.base/java.util.ArrayList.forEach(ArrayList.java:1604)

[ERROR] io.github.ryangardner.abc.test.RegressionHeavyTest.test regression tunes fidelity(File)[13] -- Time elapsed: 0.241 s <<< FAILURE!
org.opentest4j.AssertionFailedError: [tune_000464.abc] Tune 0 Voice 1 element count mismatch ==> expected: <244> but was: <176>
	at org.junit.jupiter.api.AssertionFailureBuilder.build(AssertionFailureBuilder.java:151)
	at org.junit.jupiter.api.AssertionFailureBuilder.buildAndThrow(AssertionFailureBuilder.java:132)
	at org.junit.jupiter.api.AssertEquals.failNotEqual(AssertEquals.java:197)
	at org.junit.jupiter.api.AssertEquals.assertEquals(AssertEquals.java:150)
	at org.junit.jupiter.api.Assertions.assertEquals(Assertions.java:563)
	at io.github.ryangardner.abc.test.RegressionHeavyTest.test regression tunes fidelity(RegressionHeavyTest.kt:43)
	at java.base/java.lang.reflect.Method.invoke(Method.java:565)
	at java.base/java.util.stream.ForEachOps$ForEachOp$OfRef.accept(ForEachOps.java:186)
	at java.base/java.util.stream.ReferencePipeline$3$1.accept(ReferencePipeline.java:215)
	at java.base/java.util.stream.ReferencePipeline$2$1.accept(ReferencePipeline.java:197)
	at java.base/java.util.stream.ReferencePipeline$3$1.accept(ReferencePipeline.java:215)
	at java.base/java.util.stream.ForEachOps$ForEachOp$OfRef.accept(ForEachOps.java:186)
	at java.base/java.util.stream.ReferencePipeline$3$1.accept(ReferencePipeline.java:215)
	at java.base/java.util.stream.ReferencePipeline$3$1.accept(ReferencePipeline.java:215)
	at java.base/java.util.stream.ReferencePipeline$3$1.accept(ReferencePipeline.java:215)
	at java.base/java.util.stream.ForEachOps$ForEachOp$OfRef.accept(ForEachOps.java:186)
	at java.base/java.util.stream.ReferencePipeline$3$1.accept(ReferencePipeline.java:215)
	at java.base/java.util.ArrayList$ArrayListSpliterator.forEachRemaining(ArrayList.java:1716)
	at java.base/java.util.stream.ReferencePipeline$Head.forEach(ReferencePipeline.java:807)
	at java.base/java.util.stream.ReferencePipeline$7$1FlatMap.accept(ReferencePipeline.java:294)
	at java.base/java.util.stream.ReferencePipeline$3$1.accept(ReferencePipeline.java:215)
	at java.base/java.util.stream.ReferencePipeline$3$1.accept(ReferencePipeline.java:215)
	at java.base/java.util.stream.ReferencePipeline$3$1.accept(ReferencePipeline.java:215)
	at java.base/java.util.Spliterators$ArraySpliterator.forEachRemaining(Spliterators.java:1024)
	at java.base/java.util.stream.AbstractPipeline.copyInto(AbstractPipeline.java:570)
	at java.base/java.util.stream.AbstractPipeline.wrapAndCopyInto(AbstractPipeline.java:560)
	at java.base/java.util.stream.ForEachOps$ForEachOp.evaluateSequential(ForEachOps.java:153)
	at java.base/java.util.stream.ForEachOps$ForEachOp$OfRef.evaluateSequential(ForEachOps.java:176)
	at java.base/java.util.stream.AbstractPipeline.evaluate(AbstractPipeline.java:265)
	at java.base/java.util.stream.ReferencePipeline.forEach(ReferencePipeline.java:636)
	at java.base/java.util.stream.ReferencePipeline$7$1FlatMap.accept(ReferencePipeline.java:294)
	at java.base/java.util.stream.ReferencePipeline$3$1.accept(ReferencePipeline.java:215)
	at java.base/java.util.stream.ReferencePipeline$3$1.accept(ReferencePipeline.java:215)
	at java.base/java.util.stream.ReferencePipeline$3$1.accept(ReferencePipeline.java:215)
	at java.base/java.util.ArrayList$ArrayListSpliterator.forEachRemaining(ArrayList.java:1716)
	at java.base/java.util.stream.AbstractPipeline.copyInto(AbstractPipeline.java:570)
	at java.base/java.util.stream.AbstractPipeline.wrapAndCopyInto(AbstractPipeline.java:560)
	at java.base/java.util.stream.ForEachOps$ForEachOp.evaluateSequential(ForEachOps.java:153)
	at java.base/java.util.stream.ForEachOps$ForEachOp$OfRef.evaluateSequential(ForEachOps.java:176)
	at java.base/java.util.stream.AbstractPipeline.evaluate(AbstractPipeline.java:265)
	at java.base/java.util.stream.ReferencePipeline.forEach(ReferencePipeline.java:636)
	at java.base/java.util.stream.ReferencePipeline$7$1FlatMap.accept(ReferencePipeline.java:294)
	at java.base/java.util.ArrayList$ArrayListSpliterator.forEachRemaining(ArrayList.java:1716)
	at java.base/java.util.stream.AbstractPipeline.copyInto(AbstractPipeline.java:570)
	at java.base/java.util.stream.AbstractPipeline.wrapAndCopyInto(AbstractPipeline.java:560)
	at java.base/java.util.stream.ForEachOps$ForEachOp.evaluateSequential(ForEachOps.java:153)
	at java.base/java.util.stream.ForEachOps$ForEachOp$OfRef.evaluateSequential(ForEachOps.java:176)
	at java.base/java.util.stream.AbstractPipeline.evaluate(AbstractPipeline.java:265)
	at java.base/java.util.stream.ReferencePipeline.forEach(ReferencePipeline.java:636)
	at java.base/java.util.ArrayList.forEach(ArrayList.java:1604)
	at java.base/java.util.ArrayList.forEach(ArrayList.java:1604)

[INFO] 
[INFO] Results:
[INFO] 
[ERROR] Failures: 
[ERROR]   RegressionHeavyTest.test regression tunes fidelity:43 [tune_001054.abc] Tune 0 Voice 1 element count mismatch ==> expected: <58> but was: <32>
[ERROR]   RegressionHeavyTest.test regression tunes fidelity:43 [tune_000464.abc] Tune 0 Voice 1 element count mismatch ==> expected: <244> but was: <176>
[ERROR]   RegressionHeavyTest.test regression tunes fidelity:43 [tune_001367.abc] Tune 0 Voice 1 element count mismatch ==> expected: <87> but was: <49>
[ERROR]   RegressionHeavyTest.test regression tunes fidelity:43 [tune_001366.abc] Tune 0 Voice 1 element count mismatch ==> expected: <87> but was: <49>
[ERROR]   RegressionHeavyTest.test regression tunes fidelity:43 [tune_001562.abc] Tune 0 Voice 1 element count mismatch ==> expected: <120> but was: <61>
[ERROR]   RegressionHeavyTest.test regression tunes fidelity:43 [tune_001365.abc] Tune 0 Voice 1 element count mismatch ==> expected: <87> but was: <49>
[ERROR]   RegressionHeavyTest.test regression tunes fidelity:43 [tune_001703.abc] Tune 0 Voice 1 element count mismatch ==> expected: <49> but was: <25>
[INFO] 
[ERROR] Tests run: 13, Failures: 7, Errors: 0, Skipped: 0
[INFO] 
[INFO] ------------------------------------------------------------------------
[INFO] Reactor Summary for abc-jvm-parent 0.1.0-SNAPSHOT:
[INFO] 
[INFO] abc-jvm-parent ..................................... SUCCESS [  0.315 s]
[INFO] abc-core ........................................... SUCCESS [  4.649 s]
[INFO] abc-theory ......................................... SUCCESS [  2.601 s]
[INFO] abc-parser ......................................... SUCCESS [  3.387 s]
[INFO] abc-parser-antlr ................................... SUCCESS [  1.071 s]
[INFO] abc-parser-v2 ...................................... SUCCESS [  0.782 s]
[INFO] abc-test ........................................... FAILURE [  4.702 s]
[INFO] ------------------------------------------------------------------------
[INFO] BUILD FAILURE
[INFO] ------------------------------------------------------------------------
[INFO] Total time:  17.603 s
[INFO] Finished at: 2026-02-09T00:09:23-05:00
[INFO] ------------------------------------------------------------------------
[ERROR] Failed to execute goal org.apache.maven.plugins:maven-surefire-plugin:3.2.5:test (default-test) on project abc-test: There are test failures.
[ERROR] 
[ERROR] Please refer to /Users/ryan.gardner/gitother/abc-jvm/abc-test/target/surefire-reports for the individual test results.
[ERROR] Please refer to dump files (if any exist) [date].dump, [date]-jvmRun[N].dump and [date].dumpstream.
[ERROR] -> [Help 1]
[ERROR] 
[ERROR] To see the full stack trace of the errors, re-run Maven with the -e switch.
[ERROR] Re-run Maven using the -X switch to enable full debug logging.
[ERROR] 
[ERROR] For more information about the errors and possible solutions, please read the following articles:
[ERROR] [Help 1] http://cwiki.apache.org/confluence/display/MAVEN/MojoFailureException
[ERROR] 
[ERROR] After correcting the problems, you can resume the build with the command
[ERROR]   mvn <args> -rf :abc-test
